Array type num is incompatible with declared variable of type bool...